Types.hpp:173:5:touchgfx::Rect::Rect()	16	static
UIEventListener.hpp:52:18:virtual void touchgfx::UIEventListener::handleClickEvent(const touchgfx::ClickEvent&)	16	static
UIEventListener.hpp:65:18:virtual void touchgfx::UIEventListener::handleDragEvent(const touchgfx::DragEvent&)	16	static
UIEventListener.hpp:78:18:virtual void touchgfx::UIEventListener::handleGestureEvent(const touchgfx::GestureEvent&)	16	static
UIEventListener.hpp:92:18:virtual void touchgfx::UIEventListener::handleKeyEvent(uint8_t)	16	static
UIEventListener.hpp:104:18:virtual void touchgfx::UIEventListener::handleTickEvent()	16	static
UIEventListener.hpp:115:18:virtual void touchgfx::UIEventListener::handlePendingScreenTransition()	16	static
UIEventListener.hpp:126:13:touchgfx::UIEventListener::~UIEventListener()	16	static
UIEventListener.hpp:126:13:virtual touchgfx::UIEventListener::~UIEventListener()	16	static
Gestures.hpp:48:9:touchgfx::Gestures::DragState::DragState()	16	static
Gestures.hpp:78:5:touchgfx::Gestures::Gestures()	16	static
LCD.hpp:54:13:touchgfx::LCD::~LCD()	16	static
LCD.hpp:54:13:virtual touchgfx::LCD::~LCD()	16	static
LCD.hpp:65:18:virtual void touchgfx::LCD::init()	16	static
Application.hpp:97:18:virtual void touchgfx::Application::appSwitchScreen(uint8_t)	16	static
Callback.hpp:235:13:touchgfx::GenericCallback<void>::~GenericCallback()	16	static
Callback.hpp:235:13:virtual touchgfx::GenericCallback<void>::~GenericCallback()	16	static
TouchController.hpp:40:13:touchgfx::TouchController::~TouchController()	16	static
TouchController.hpp:40:13:virtual touchgfx::TouchController::~TouchController()	16	static
MCUInstrumentation.hpp:41:5:touchgfx::MCUInstrumentation::MCUInstrumentation()	16	static
MCUInstrumentation.hpp:63:13:touchgfx::MCUInstrumentation::~MCUInstrumentation()	16	static
MCUInstrumentation.hpp:63:13:virtual touchgfx::MCUInstrumentation::~MCUInstrumentation()	16	static
MCUInstrumentation.hpp:100:18:virtual void touchgfx::MCUInstrumentation::setMCUActive(bool)	24	static
MCUInstrumentation.hpp:122:22:virtual uint32_t touchgfx::MCUInstrumentation::getCCConsumed()	16	static
MCUInstrumentation.hpp:136:18:virtual void touchgfx::MCUInstrumentation::setCCConsumed(uint32_t)	16	static
HAL.hpp:61:5:touchgfx::HAL::HAL(touchgfx::DMA_Interface&, touchgfx::LCD&, touchgfx::TouchController&, uint16_t, uint16_t)	24	static
HAL.hpp:104:13:touchgfx::HAL::~HAL()	16	static
HAL.hpp:104:13:virtual touchgfx::HAL::~HAL()	16	static
HAL.hpp:115:17:static touchgfx::HAL* touchgfx::HAL::getInstance()	4	static
HAL.hpp:330:10:void touchgfx::HAL::lockDMAToFrontPorch(bool)	16	static
HAL.hpp:694:10:void touchgfx::HAL::setFrameRateCompensation(bool)	16	static
HAL.hpp:904:10:void touchgfx::HAL::setTouchSampleRate(int8_t)	16	static
HAL.hpp:960:10:void touchgfx::HAL::setMCUInstrumentation(touchgfx::MCUInstrumentation*)	16	static
HAL.hpp:975:10:void touchgfx::HAL::enableMCULoadCalculation(bool)	16	static
HAL.hpp:1069:10:void touchgfx::HAL::setFingerSize(uint8_t)	16	static
TypedText.hpp:214:17:static void touchgfx::TypedText::registerTexts(const touchgfx::Texts*)	16	static
FontManager.hpp:56:13:touchgfx::FontProvider::~FontProvider()	16	static
FontManager.hpp:56:13:virtual touchgfx::FontProvider::~FontProvider()	16	static
MVPHeap.hpp:52:5:touchgfx::MVPHeap::MVPHeap(touchgfx::AbstractPartition&, touchgfx::AbstractPartition&, touchgfx::AbstractPartition&, touchgfx::MVPApplication&)	24	static
MVPHeap.hpp:69:13:touchgfx::MVPHeap::~MVPHeap()	16	static
MVPHeap.hpp:69:13:virtual touchgfx::MVPHeap::~MVPHeap()	16	static
Application.hpp:44:7:touchgfx::Application::~Application()	16	static
Application.hpp:44:7:virtual touchgfx::Application::~Application()	16	static
MVPApplication.hpp:70:13:touchgfx::MVPApplication::~MVPApplication()	16	static
MVPApplication.hpp:70:13:virtual touchgfx::MVPApplication::~MVPApplication()	16	static
MVPApplication.hpp:79:18:virtual void touchgfx::MVPApplication::handlePendingScreenTransition()	16	static
MVPApplication.hpp:97:10:void touchgfx::MVPApplication::evaluatePendingScreenTransition()	16	static
gthr-default.h:229:1:int __gthread_key_delete(__gthread_key_t)	16	static
FrontendApplicationBase.hpp:16:13:FrontendApplicationBase::~FrontendApplicationBase()	16	static
FrontendApplicationBase.hpp:16:13:virtual FrontendApplicationBase::~FrontendApplicationBase()	16	static
FrontendApplication.hpp:14:13:FrontendApplication::~FrontendApplication()	16	static
FrontendApplication.hpp:14:13:virtual FrontendApplication::~FrontendApplication()	16	static
FrontendApplication.hpp:16:18:virtual void FrontendApplication::handleTickEvent()	16	static
FrontendHeapBase.hpp:80:18:virtual void FrontendHeapBase::gotoStartScreen(FrontendApplication&)	16	static
FrontendHeapBase.hpp:85:5:FrontendHeapBase::FrontendHeapBase(touchgfx::AbstractPartition&, touchgfx::AbstractPartition&, touchgfx::AbstractPartition&, FrontendApplication&)	32	static
FrontendHeap.hpp:56:29:void __tcf_0()	8	static
FrontendHeap.hpp:54:26:static FrontendHeap& FrontendHeap::getInstance()	8	static
FrontendHeapBase.hpp:35:7:FrontendHeapBase::~FrontendHeapBase()	16	static
FrontendHeapBase.hpp:35:7:virtual FrontendHeapBase::~FrontendHeapBase()	16	static
FrontendHeap.hpp:67:5:FrontendHeap::FrontendHeap()	32	static
LCD24bpp.hpp:49:13:touchgfx::LCD24bpp::~LCD24bpp()	16	static
LCD24bpp.hpp:49:13:virtual touchgfx::LCD24bpp::~LCD24bpp()	16	static
STM32F4HAL_DSI.hpp:35:5:STM32F4HAL_DSI::STM32F4HAL_DSI(touchgfx::DMA_Interface&, touchgfx::LCD&, touchgfx::TouchController&, uint16_t, uint16_t)	32	static
TouchController.hpp:30:7:constexpr touchgfx::TouchController::TouchController()	16	static
OTM8009TouchController.hpp:47:5:OTM8009TouchController::OTM8009TouchController()	16	static
OTM8009TouchController.hpp:48:13:OTM8009TouchController::~OTM8009TouchController()	16	static
OTM8009TouchController.hpp:48:13:virtual OTM8009TouchController::~OTM8009TouchController()	16	static
BoardConfiguration.cpp:48:10:uint32_t LCD_GetXSize()	4	static
BoardConfiguration.cpp:53:10:uint32_t LCD_GetYSize()	4	static
BoardConfiguration.cpp:82:17:void DSI_IO_WriteCmd(uint32_t, uint8_t*)	24	static
BoardConfiguration.cpp:95:10:void LCD_ReqTear()	24	static
BoardConfiguration.cpp:107:10:void LCD_SetUpdateRegion(int)	24	static
BoardConfiguration.cpp:112:10:void LCD_SetUpdateRegionLeft()	16	static
BoardConfiguration.cpp:117:10:void LCD_SetUpdateRegionRight()	16	static
BoardConfiguration.cpp:129:13:void LCD_LL_Reset()	8	static
BoardConfiguration.cpp:144:6:void GRAPHICS_HW_Init()	8	static
BoardConfiguration.cpp:158:13:void OTM8009A_IO_Delay(uint32_t)	16	static
STM32F4Instrumentation.hpp:48:7:touchgfx::STM32F4Instrumentation::STM32F4Instrumentation()	16	static
BoardConfiguration.cpp:172:6:void touchgfx::touchgfx_init()	40	static
BoardConfiguration.cpp:201:6:void GRAPHICS_Init()	8	static
BoardConfiguration.cpp:206:6:void GRAPHICS_MainTask()	8	static
Partition.hpp:70:5:touchgfx::Partition<ListOfTypes, NUMBER_OF_ELEMENTS>::Partition() [with ListOfTypes = touchgfx::meta::TypeList<AuthScreenPresenter, touchgfx::meta::TypeList<touchgfx::meta::Nil, touchgfx::meta::Nil> >; short unsigned int NUMBER_OF_ELEMENTS = 1]	16	static
Partition.hpp:79:13:touchgfx::Partition<ListOfTypes, NUMBER_OF_ELEMENTS>::~Partition() [with ListOfTypes = touchgfx::meta::TypeList<AuthScreenPresenter, touchgfx::meta::TypeList<touchgfx::meta::Nil, touchgfx::meta::Nil> >; short unsigned int NUMBER_OF_ELEMENTS = 1]	16	static
Partition.hpp:79:13:touchgfx::Partition<ListOfTypes, NUMBER_OF_ELEMENTS>::~Partition() [with ListOfTypes = touchgfx::meta::TypeList<AuthScreenPresenter, touchgfx::meta::TypeList<touchgfx::meta::Nil, touchgfx::meta::Nil> >; short unsigned int NUMBER_OF_ELEMENTS = 1]	16	static
Partition.hpp:70:5:touchgfx::Partition<ListOfTypes, NUMBER_OF_ELEMENTS>::Partition() [with ListOfTypes = touchgfx::meta::TypeList<Screen1View, touchgfx::meta::TypeList<touchgfx::meta::Nil, touchgfx::meta::Nil> >; short unsigned int NUMBER_OF_ELEMENTS = 1]	16	static
Partition.hpp:79:13:touchgfx::Partition<ListOfTypes, NUMBER_OF_ELEMENTS>::~Partition() [with ListOfTypes = touchgfx::meta::TypeList<Screen1View, touchgfx::meta::TypeList<touchgfx::meta::Nil, touchgfx::meta::Nil> >; short unsigned int NUMBER_OF_ELEMENTS = 1]	16	static
Partition.hpp:79:13:touchgfx::Partition<ListOfTypes, NUMBER_OF_ELEMENTS>::~Partition() [with ListOfTypes = touchgfx::meta::TypeList<Screen1View, touchgfx::meta::TypeList<touchgfx::meta::Nil, touchgfx::meta::Nil> >; short unsigned int NUMBER_OF_ELEMENTS = 1]	16	static
Partition.hpp:70:5:touchgfx::Partition<ListOfTypes, NUMBER_OF_ELEMENTS>::Partition() [with ListOfTypes = touchgfx::meta::TypeList<touchgfx::CoverTransition<(touchgfx::Direction)1>, touchgfx::meta::TypeList<touchgfx::meta::Nil, touchgfx::meta::Nil> >; short unsigned int NUMBER_OF_ELEMENTS = 1]	16	static
Partition.hpp:79:13:touchgfx::Partition<ListOfTypes, NUMBER_OF_ELEMENTS>::~Partition() [with ListOfTypes = touchgfx::meta::TypeList<touchgfx::CoverTransition<(touchgfx::Direction)1>, touchgfx::meta::TypeList<touchgfx::meta::Nil, touchgfx::meta::Nil> >; short unsigned int NUMBER_OF_ELEMENTS = 1]	16	static
Partition.hpp:79:13:touchgfx::Partition<ListOfTypes, NUMBER_OF_ELEMENTS>::~Partition() [with ListOfTypes = touchgfx::meta::TypeList<touchgfx::CoverTransition<(touchgfx::Direction)1>, touchgfx::meta::TypeList<touchgfx::meta::Nil, touchgfx::meta::Nil> >; short unsigned int NUMBER_OF_ELEMENTS = 1]	16	static
TouchGFXInit.hpp:83:6:touchgfx::HAL& touchgfx::touchgfx_generic_init(touchgfx::DMA_Interface&, touchgfx::LCD&, touchgfx::TouchController&, int16_t, int16_t, uint16_t*, uint32_t, uint32_t) [with HALType = STM32F4HAL_DSI]	48	static
STM32F4HAL_DSI.hpp:19:7:STM32F4HAL_DSI::~STM32F4HAL_DSI()	16	static
STM32F4HAL_DSI.hpp:19:7:virtual STM32F4HAL_DSI::~STM32F4HAL_DSI()	16	static
TouchGFXInit.hpp:42:14:void __tcf_1()	8	static
TouchGFXInit.hpp:40:6:touchgfx::HAL& touchgfx::getHAL(touchgfx::DMA_Interface&, touchgfx::LCD&, touchgfx::TouchController&, int16_t, int16_t) [with T = STM32F4HAL_DSI]	32	static
FrontendHeap.hpp:6:7:FrontendHeap::~FrontendHeap()	16	static
FrontendHeap.hpp:6:7:virtual FrontendHeap::~FrontendHeap()	16	static
STM32F4Instrumentation.hpp:48:7:touchgfx::STM32F4Instrumentation::~STM32F4Instrumentation()	16	static
STM32F4Instrumentation.hpp:48:7:virtual touchgfx::STM32F4Instrumentation::~STM32F4Instrumentation()	16	static
BoardConfiguration.cpp:209:1:void __static_initialization_and_destruction_0(int, int)	16	static
Callback.hpp:557:8:touchgfx::Callback<FrontendApplicationBase>::~Callback()	16	static
Callback.hpp:557:8:virtual touchgfx::Callback<FrontendApplicationBase>::~Callback()	16	static
ApplicationFontProvider.hpp:26:7:ApplicationFontProvider::~ApplicationFontProvider()	16	static
ApplicationFontProvider.hpp:26:7:virtual ApplicationFontProvider::~ApplicationFontProvider()	16	static
Partition.hpp:94:22:uint16_t touchgfx::Partition<ListOfTypes, NUMBER_OF_ELEMENTS>::capacity() const [with ListOfTypes = touchgfx::meta::TypeList<touchgfx::CoverTransition<(touchgfx::Direction)1>, touchgfx::meta::TypeList<touchgfx::meta::Nil, touchgfx::meta::Nil> >; short unsigned int NUMBER_OF_ELEMENTS = 1]	16	static
Partition.hpp:110:22:uint32_t touchgfx::Partition<ListOfTypes, NUMBER_OF_ELEMENTS>::element_size() [with ListOfTypes = touchgfx::meta::TypeList<touchgfx::CoverTransition<(touchgfx::Direction)1>, touchgfx::meta::TypeList<touchgfx::meta::Nil, touchgfx::meta::Nil> >; short unsigned int NUMBER_OF_ELEMENTS = 1]	16	static
Partition.hpp:128:19:void* touchgfx::Partition<ListOfTypes, NUMBER_OF_ELEMENTS>::element(uint16_t) [with ListOfTypes = touchgfx::meta::TypeList<touchgfx::CoverTransition<(touchgfx::Direction)1>, touchgfx::meta::TypeList<touchgfx::meta::Nil, touchgfx::meta::Nil> >; short unsigned int NUMBER_OF_ELEMENTS = 1]	16	static
Partition.hpp:144:25:const void* touchgfx::Partition<ListOfTypes, NUMBER_OF_ELEMENTS>::element(uint16_t) const [with ListOfTypes = touchgfx::meta::TypeList<touchgfx::CoverTransition<(touchgfx::Direction)1>, touchgfx::meta::TypeList<touchgfx::meta::Nil, touchgfx::meta::Nil> >; short unsigned int NUMBER_OF_ELEMENTS = 1]	16	static
Partition.hpp:94:22:uint16_t touchgfx::Partition<ListOfTypes, NUMBER_OF_ELEMENTS>::capacity() const [with ListOfTypes = touchgfx::meta::TypeList<Screen1View, touchgfx::meta::TypeList<touchgfx::meta::Nil, touchgfx::meta::Nil> >; short unsigned int NUMBER_OF_ELEMENTS = 1]	16	static
Partition.hpp:110:22:uint32_t touchgfx::Partition<ListOfTypes, NUMBER_OF_ELEMENTS>::element_size() [with ListOfTypes = touchgfx::meta::TypeList<Screen1View, touchgfx::meta::TypeList<touchgfx::meta::Nil, touchgfx::meta::Nil> >; short unsigned int NUMBER_OF_ELEMENTS = 1]	16	static
Partition.hpp:128:19:void* touchgfx::Partition<ListOfTypes, NUMBER_OF_ELEMENTS>::element(uint16_t) [with ListOfTypes = touchgfx::meta::TypeList<Screen1View, touchgfx::meta::TypeList<touchgfx::meta::Nil, touchgfx::meta::Nil> >; short unsigned int NUMBER_OF_ELEMENTS = 1]	16	static
Partition.hpp:144:25:const void* touchgfx::Partition<ListOfTypes, NUMBER_OF_ELEMENTS>::element(uint16_t) const [with ListOfTypes = touchgfx::meta::TypeList<Screen1View, touchgfx::meta::TypeList<touchgfx::meta::Nil, touchgfx::meta::Nil> >; short unsigned int NUMBER_OF_ELEMENTS = 1]	16	static
Partition.hpp:94:22:uint16_t touchgfx::Partition<ListOfTypes, NUMBER_OF_ELEMENTS>::capacity() const [with ListOfTypes = touchgfx::meta::TypeList<AuthScreenPresenter, touchgfx::meta::TypeList<touchgfx::meta::Nil, touchgfx::meta::Nil> >; short unsigned int NUMBER_OF_ELEMENTS = 1]	16	static
Partition.hpp:110:22:uint32_t touchgfx::Partition<ListOfTypes, NUMBER_OF_ELEMENTS>::element_size() [with ListOfTypes = touchgfx::meta::TypeList<AuthScreenPresenter, touchgfx::meta::TypeList<touchgfx::meta::Nil, touchgfx::meta::Nil> >; short unsigned int NUMBER_OF_ELEMENTS = 1]	16	static
Partition.hpp:128:19:void* touchgfx::Partition<ListOfTypes, NUMBER_OF_ELEMENTS>::element(uint16_t) [with ListOfTypes = touchgfx::meta::TypeList<AuthScreenPresenter, touchgfx::meta::TypeList<touchgfx::meta::Nil, touchgfx::meta::Nil> >; short unsigned int NUMBER_OF_ELEMENTS = 1]	16	static
Partition.hpp:144:25:const void* touchgfx::Partition<ListOfTypes, NUMBER_OF_ELEMENTS>::element(uint16_t) const [with ListOfTypes = touchgfx::meta::TypeList<AuthScreenPresenter, touchgfx::meta::TypeList<touchgfx::meta::Nil, touchgfx::meta::Nil> >; short unsigned int NUMBER_OF_ELEMENTS = 1]	16	static
Callback.hpp:595:18:void touchgfx::Callback<dest_type, void, void, void>::execute() [with dest_type = FrontendApplicationBase]	16	static
Callback.hpp:609:18:bool touchgfx::Callback<dest_type, void, void, void>::isValid() const [with dest_type = FrontendApplicationBase]	16	static
BoardConfiguration.cpp:209:1:cpp)	8	static
BoardConfiguration.cpp:209:1:cpp)	8	static
