HW_Init.cpp:90:6:void MX_DMA2D_Init()	8	static
HW_Init.cpp:118:6:void MX_LCD_Init()	64	static
HW_Init.cpp:174:6:void MX_FMC_Init()	40	static
HW_Init.cpp:224:6:void MX_SDRAM_InitEx()	16	static
HW_Init.cpp:280:6:void MX_DSI_Init()	16	static
HW_Init.cpp:408:6:void HAL_LTDC_MspInit(LTDC_HandleTypeDef*)	24	static
HW_Init.cpp:427:6:void HAL_LTDC_MspDeInit(LTDC_HandleTypeDef*)	16	static
HW_Init.cpp:446:6:void HAL_DSI_MspInit(DSI_HandleTypeDef*)	48	static
HW_Init.cpp:477:6:void HAL_DSI_MspDeInit(DSI_HandleTypeDef*)	16	static
HW_Init.cpp:501:6:void HAL_DMA2D_MspInit(DMA2D_HandleTypeDef*)	24	static
HW_Init.cpp:520:6:void HAL_DMA2D_MspDeInit(DMA2D_HandleTypeDef*)	16	static
HW_Init.cpp:541:13:void HAL_FMC_MspInit()	32	static
HW_Init.cpp:675:6:void HAL_SDRAM_MspInit(SDRAM_HandleTypeDef*)	16	static
HW_Init.cpp:687:13:void HAL_FMC_MspDeInit()	8	static
HW_Init.cpp:785:6:void HAL_SDRAM_MspDeInit(SDRAM_HandleTypeDef*)	16	static
