stm32f4xx_hal_qspi.c:295:19:HAL_QSPI_Init	32	static
stm32f4xx_hal_qspi.c:393:19:HAL_QSPI_DeInit	16	static
stm32f4xx_hal_qspi.c:434:14:HAL_QSPI_MspInit	16	static
stm32f4xx_hal_qspi.c:449:14:HAL_QSPI_MspDeInit	16	static
stm32f4xx_hal_qspi.c:488:6:HAL_QSPI_IRQHandler	32	static
stm32f4xx_hal_qspi.c:761:19:HAL_QSPI_Command	40	static
stm32f4xx_hal_qspi.c:851:19:HAL_QSPI_Command_IT	24	static
stm32f4xx_hal_qspi.c:961:19:HAL_QSPI_Transmit	48	static
stm32f4xx_hal_qspi.c:1045:19:HAL_QSPI_Receive	48	static
stm32f4xx_hal_qspi.c:1130:19:HAL_QSPI_Transmit_IT	24	static
stm32f4xx_hal_qspi.c:1190:19:HAL_QSPI_Receive_IT	24	static
stm32f4xx_hal_qspi.c:1258:19:HAL_QSPI_Transmit_DMA	32	static
stm32f4xx_hal_qspi.c:1414:19:HAL_QSPI_Receive_DMA	32	static
stm32f4xx_hal_qspi.c:1597:19:HAL_QSPI_AutoPolling	40	static
stm32f4xx_hal_qspi.c:1697:19:HAL_QSPI_AutoPolling_IT	32	static
stm32f4xx_hal_qspi.c:1811:19:HAL_QSPI_MemoryMapped	40	static
stm32f4xx_hal_qspi.c:1897:13:HAL_QSPI_ErrorCallback	16	static
stm32f4xx_hal_qspi.c:1912:13:HAL_QSPI_AbortCpltCallback	16	static
stm32f4xx_hal_qspi.c:1927:13:HAL_QSPI_CmdCpltCallback	16	static
stm32f4xx_hal_qspi.c:1942:13:HAL_QSPI_RxCpltCallback	16	static
stm32f4xx_hal_qspi.c:1957:14:HAL_QSPI_TxCpltCallback	16	static
stm32f4xx_hal_qspi.c:1972:13:HAL_QSPI_RxHalfCpltCallback	16	static
stm32f4xx_hal_qspi.c:1987:14:HAL_QSPI_TxHalfCpltCallback	16	static
stm32f4xx_hal_qspi.c:2002:13:HAL_QSPI_FifoThresholdCallback	16	static
stm32f4xx_hal_qspi.c:2017:13:HAL_QSPI_StatusMatchCallback	16	static
stm32f4xx_hal_qspi.c:2032:13:HAL_QSPI_TimeOutCallback	16	static
stm32f4xx_hal_qspi.c:2289:23:HAL_QSPI_GetState	16	static
stm32f4xx_hal_qspi.c:2300:10:HAL_QSPI_GetError	16	static
stm32f4xx_hal_qspi.c:2310:19:HAL_QSPI_Abort	32	static
stm32f4xx_hal_qspi.c:2363:19:HAL_QSPI_Abort_IT	24	static
stm32f4xx_hal_qspi.c:2420:6:HAL_QSPI_SetTimeout	16	static
stm32f4xx_hal_qspi.c:2430:19:HAL_QSPI_SetFifoThreshold	24	static
stm32f4xx_hal_qspi.c:2462:10:HAL_QSPI_GetFifoThreshold	16	static
stm32f4xx_hal_qspi.c:2478:13:QSPI_DMARxCplt	24	static
stm32f4xx_hal_qspi.c:2492:13:QSPI_DMATxCplt	24	static
stm32f4xx_hal_qspi.c:2506:13:QSPI_DMARxHalfCplt	24	static
stm32f4xx_hal_qspi.c:2522:13:QSPI_DMATxHalfCplt	24	static
stm32f4xx_hal_qspi.c:2538:13:QSPI_DMAError	24	static
stm32f4xx_hal_qspi.c:2562:13:QSPI_DMAAbortCplt	24	static
stm32f4xx_hal_qspi.c:2600:26:QSPI_WaitFlagStateUntilTimeout	24	static
stm32f4xx_hal_qspi.c:2633:13:QSPI_Config	24	static
