Drawable.hpp:76:13:touchgfx::Drawable::~Drawable()	16	static
Drawable.hpp:76:13:virtual touchgfx::Drawable::~Drawable()	16	static
Drawable.hpp:249:18:virtual void touchgfx::Drawable::setPosition(int16_t, int16_t, int16_t, int16_t)	24	static
Drawable.hpp:323:18:virtual void touchgfx::Drawable::setX(int16_t)	16	static
Drawable.hpp:339:18:virtual void touchgfx::Drawable::setY(int16_t)	16	static
Drawable.hpp:356:18:virtual void touchgfx::Drawable::setXY(int16_t, int16_t)	16	static
Drawable.hpp:404:18:virtual void touchgfx::Drawable::childGeometryChanged()	16	static
Drawable.hpp:564:18:virtual void touchgfx::Drawable::moveTo(int16_t, int16_t)	16	static
Container.hpp:64:13:touchgfx::Container::~Container()	16	static
Container.hpp:64:13:virtual touchgfx::Container::~Container()	16	static
Container.hpp:202:22:virtual uint16_t touchgfx::Container::getType() const	16	static
DrawableList.hpp:195:13:touchgfx::DrawableList::~DrawableList()	16	static
DrawableList.hpp:195:13:virtual touchgfx::DrawableList::~DrawableList()	16	static
ScrollBase.hpp:56:13:touchgfx::ScrollBase::~ScrollBase()	16	static
ScrollBase.hpp:56:13:virtual touchgfx::ScrollBase::~ScrollBase()	16	static
ScrollBase.hpp:497:18:virtual void touchgfx::ScrollBase::initialize()	16	static
ScrollWheelBase.hpp:53:13:touchgfx::ScrollWheelBase::~ScrollWheelBase()	16	static
ScrollWheelBase.hpp:53:13:virtual touchgfx::ScrollWheelBase::~ScrollWheelBase()	16	static
ScrollWheel.cpp:20:1:touchgfx::ScrollWheel::ScrollWheel()	16	static
ScrollWheel.cpp:25:1:touchgfx::ScrollWheel::~ScrollWheel()	16	static
ScrollWheel.cpp:25:1:virtual touchgfx::ScrollWheel::~ScrollWheel()	16	static
ScrollWheel.cpp:29:6:virtual void touchgfx::ScrollWheel::setDrawables(touchgfx::DrawableListItemsInterface&, touchgfx::GenericCallback<touchgfx::DrawableListItemsInterface*, short int, short int>&)	24	static
