Types.hpp:114:5:touchgfx::colortype::colortype(uint32_t)	16	static
Types.hpp:147:5:touchgfx::colortype::operator uint16_t() const	16	static
Types.hpp:173:5:touchgfx::Rect::Rect()	16	static
Types.hpp:193:5:touchgfx::Rect::Rect(int16_t, int16_t, int16_t, int16_t)	24	static
Bitmap.hpp:167:14:touchgfx::Bitmap::Bitmap(touchgfx::BitmapId)	16	static
Bitmap.hpp:180:14:touchgfx::BitmapId touchgfx::Bitmap::getId() const	16	static
Bitmap.hpp:277:10:touchgfx::Rect touchgfx::Bitmap::getRect() const	32	static
HAL.hpp:115:17:static touchgfx::HAL* touchgfx::HAL::getInstance()	4	static
HAL.hpp:296:17:static touchgfx::LCD& touchgfx::HAL::lcd()	4	static
HAL.hpp:1317:10:touchgfx::LCD* touchgfx::HAL::getAuxiliaryLCD()	16	static
AbstractPainter.hpp:120:24:static bool touchgfx::AbstractPainter::compatibleFramebuffer(touchgfx::Bitmap::BitmapFormat)	24	static
AbstractPainterRGBA2222.hpp:40:5:touchgfx::AbstractPainterRGBA2222::AbstractPainterRGBA2222()	16	static
AbstractPainterRGBA2222.hpp:45:13:touchgfx::AbstractPainterRGBA2222::~AbstractPainterRGBA2222()	16	static
AbstractPainterRGBA2222.hpp:45:13:virtual touchgfx::AbstractPainterRGBA2222::~AbstractPainterRGBA2222()	16	static
PainterRGBA2222Bitmap.cpp:20:1:touchgfx::PainterRGBA2222Bitmap::PainterRGBA2222Bitmap(const touchgfx::Bitmap&, uint8_t)	24	static
PainterRGBA2222Bitmap.cpp:27:6:void touchgfx::PainterRGBA2222Bitmap::setBitmap(const touchgfx::Bitmap&)	32	static
PainterRGBA2222Bitmap.cpp:35:6:void touchgfx::PainterRGBA2222Bitmap::setAlpha(uint8_t)	16	static
PainterRGBA2222Bitmap.cpp:40:9:uint8_t touchgfx::PainterRGBA2222Bitmap::getAlpha() const	16	static
PainterRGBA2222Bitmap.cpp:45:6:virtual void touchgfx::PainterRGBA2222Bitmap::render(uint8_t*, int, int, int, unsigned int, const uint8_t*)	240	static
PainterRGBA2222Bitmap.cpp:110:6:virtual bool touchgfx::PainterRGBA2222Bitmap::renderInit()	16	static
PainterRGBA2222Bitmap.cpp:143:6:virtual bool touchgfx::PainterRGBA2222Bitmap::renderNext(uint8_t&, uint8_t&, uint8_t&, uint8_t&)	56	static
PainterRGBA2222Bitmap.hpp:38:7:touchgfx::PainterRGBA2222Bitmap::~PainterRGBA2222Bitmap()	16	static
PainterRGBA2222Bitmap.hpp:38:7:virtual touchgfx::PainterRGBA2222Bitmap::~PainterRGBA2222Bitmap()	16	static
