Types.hpp:173:5:touchgfx::Rect::Rect()	16	static
Types.hpp:193:5:touchgfx::Rect::Rect(int16_t, int16_t, int16_t, int16_t)	24	static
Bitmap.hpp:167:14:touchgfx::Bitmap::Bitmap(touchgfx::BitmapId)	16	static
Bitmap.hpp:180:14:touchgfx::BitmapId touchgfx::Bitmap::getId() const	16	static
Bitmap.hpp:277:10:touchgfx::Rect touchgfx::Bitmap::getRect() const	32	static
HAL.hpp:115:17:static touchgfx::HAL* touchgfx::HAL::getInstance()	4	static
HAL.hpp:296:17:static touchgfx::LCD& touchgfx::HAL::lcd()	4	static
HAL.hpp:1317:10:touchgfx::LCD* touchgfx::HAL::getAuxiliaryLCD()	16	static
AbstractPainter.hpp:120:24:static bool touchgfx::AbstractPainter::compatibleFramebuffer(touchgfx::Bitmap::BitmapFormat)	24	static
AbstractPainterRGB565.hpp:43:5:touchgfx::AbstractPainterRGB565::AbstractPainterRGB565()	16	static
AbstractPainterRGB565.hpp:48:13:touchgfx::AbstractPainterRGB565::~AbstractPainterRGB565()	16	static
AbstractPainterRGB565.hpp:48:13:virtual touchgfx::AbstractPainterRGB565::~AbstractPainterRGB565()	16	static
PainterRGB565Bitmap.cpp:20:1:touchgfx::PainterRGB565Bitmap::PainterRGB565Bitmap(const touchgfx::Bitmap&, uint8_t)	24	static
PainterRGB565Bitmap.cpp:27:6:void touchgfx::PainterRGB565Bitmap::setBitmap(const touchgfx::Bitmap&)	32	static
PainterRGB565Bitmap.cpp:35:6:void touchgfx::PainterRGB565Bitmap::setAlpha(uint8_t)	16	static
PainterRGB565Bitmap.cpp:40:9:uint8_t touchgfx::PainterRGB565Bitmap::getAlpha() const	16	static
PainterRGB565Bitmap.cpp:45:6:virtual void touchgfx::PainterRGB565Bitmap::render(uint8_t*, int, int, int, unsigned int, const uint8_t*)	232	static
PainterRGB565Bitmap.cpp:197:6:virtual bool touchgfx::PainterRGB565Bitmap::renderInit()	16	static
PainterRGB565Bitmap.cpp:249:6:virtual bool touchgfx::PainterRGB565Bitmap::renderNext(uint8_t&, uint8_t&, uint8_t&, uint8_t&)	32	static
PainterRGB565Bitmap.hpp:38:7:touchgfx::PainterRGB565Bitmap::~PainterRGB565Bitmap()	16	static
PainterRGB565Bitmap.hpp:38:7:virtual touchgfx::PainterRGB565Bitmap::~PainterRGB565Bitmap()	16	static
