Types.hpp:114:5:touchgfx::colortype::colortype(uint32_t)	16	static
Types.hpp:147:5:touchgfx::colortype::operator uint16_t() const	16	static
HAL.hpp:115:17:static touchgfx::HAL* touchgfx::HAL::getInstance()	4	static
HAL.hpp:296:17:static touchgfx::LCD& touchgfx::HAL::lcd()	4	static
HAL.hpp:1317:10:touchgfx::LCD* touchgfx::HAL::getAuxiliaryLCD()	16	static
AbstractPainter.hpp:120:24:static bool touchgfx::AbstractPainter::compatibleFramebuffer(touchgfx::Bitmap::BitmapFormat)	24	static
AbstractPainterARGB2222.hpp:40:5:touchgfx::AbstractPainterARGB2222::AbstractPainterARGB2222()	16	static
AbstractPainterARGB2222.hpp:45:13:touchgfx::AbstractPainterARGB2222::~AbstractPainterARGB2222()	16	static
AbstractPainterARGB2222.hpp:45:13:virtual touchgfx::AbstractPainterARGB2222::~AbstractPainterARGB2222()	16	static
AbstractPainterARGB2222.hpp:108:18:virtual bool touchgfx::AbstractPainterARGB2222::renderInit()	16	static
PainterARGB2222.cpp:22:1:touchgfx::PainterARGB2222::PainterARGB2222(touchgfx::colortype, uint8_t)	24	static
PainterARGB2222.cpp:28:6:void touchgfx::PainterARGB2222::setColor(touchgfx::colortype, uint8_t)	40	static
PainterARGB2222.cpp:37:21:touchgfx::colortype touchgfx::PainterARGB2222::getColor() const	24	static
PainterARGB2222.cpp:42:6:void touchgfx::PainterARGB2222::setAlpha(uint8_t)	16	static
PainterARGB2222.cpp:47:9:uint8_t touchgfx::PainterARGB2222::getAlpha() const	16	static
PainterARGB2222.cpp:52:6:virtual void touchgfx::PainterARGB2222::render(uint8_t*, int, int, int, unsigned int, const uint8_t*)	168	static
PainterARGB2222.cpp:94:6:virtual bool touchgfx::PainterARGB2222::renderNext(uint8_t&, uint8_t&, uint8_t&, uint8_t&)	24	static
PainterARGB2222.hpp:35:7:touchgfx::PainterARGB2222::~PainterARGB2222()	16	static
PainterARGB2222.hpp:35:7:virtual touchgfx::PainterARGB2222::~PainterARGB2222()	16	static
