rfid.c:13:6:rfid_configure	24	static
rfid.c:21:6:rfid_init	8	static
rfid.c:54:6:rfid_self_test	24	static
rfid.c:83:6:rfid_set_bit_mask	16	static
rfid.c:87:6:rfid_clear_bit_mask	16	static
rfid.c:91:6:rfid_antenna_on	16	static
rfid.c:100:9:rfid_read_version	8	static
rfid.c:104:6:rfid_cs_write	16	static
rfid.c:108:9:rfid_read_register	32	static
rfid.c:135:6:rfid_read_register_many	32	static
rfid.c:153:6:rfid_write_register	24	static
rfid.c:177:6:rfid_reset	16	static
rfid.c:186:6:rfid_set_gain	16	static
rfid.c:191:9:rfid_get_gain	8	static
rfid.c:195:15:rfid_halt	32	static
rfid.c:225:15:rfid_card_write	24	static
rfid.c:253:15:rfid_card_transceive	64	static
rfid.c:300:15:rfid_card_read	48	static
rfid.c:321:15:rfid_authenticate	72	static
rfid.c:349:15:rfid_select_tag	80	static
rfid.c:452:6:rfid_is_new_card	16	static
rfid.c:469:15:rfid_reqa	16	static
rfid.c:474:15:rfid_reqa_or_wupa	48	static
rfid.c:496:15:rfid_transcive_data	48	static
rfid.c:507:15:rfid_to_card	32	static
rfid.c:620:15:rfid_calc_crc	40	static
rfid.c:649:6:rfid_stop_crypto	8	static
