rfid.c:13:6:rfid_configure	24	static
rfid.c:27:6:rfid_init	8	static
rfid.c:68:6:rfid_self_test	24	static
rfid.c:96:6:rfid_set_bit_mask	16	static
rfid.c:100:6:rfid_clear_bit_mask	16	static
rfid.c:104:6:rfid_antenna_on	16	static
rfid.c:113:9:rfid_read_version	8	static
rfid.c:117:6:rfid_cs_write	16	static
rfid.c:121:9:rfid_read_register	32	static
rfid.c:148:6:rfid_read_register_many	32	static
rfid.c:165:6:rfid_write_register	24	static
rfid.c:189:6:rfid_reset	16	static
rfid.c:198:6:rfid_set_gain	16	static
rfid.c:203:9:rfid_get_gain	8	static
rfid.c:207:15:rfid_halt	32	static
rfid.c:235:15:rfid_card_write	24	static
rfid.c:267:15:rfid_card_transceive	64	static
rfid.c:312:15:rfid_card_read	48	static
rfid.c:338:15:rfid_authenticate	72	static
rfid.c:367:15:rfid_select_tag	80	static
rfid.c:470:6:rfid_is_new_card	16	static
rfid.c:486:15:rfid_reqa	16	static
rfid.c:493:15:rfid_reqa_or_wupa	48	static
rfid.c:519:15:rfid_transcive_data	48	static
rfid.c:532:15:rfid_to_card	32	static
rfid.c:649:15:rfid_calc_crc	40	static
rfid.c:680:6:rfid_stop_crypto	8	static
