main.cpp:105:5:int main()	16	static
main.cpp:200:6:void initialize_rfid()	16	static
main.cpp:207:6:void main_task(void*)	24	static
main.cpp:231:6:void card_read_task(void*)	24	static
main.cpp:241:6:void test_print(void*)	16	static
main.cpp:252:6:void SystemClock_Config()	152	static
main.cpp:317:13:void MX_CRC_Init()	8	static
main.cpp:343:13:void MX_I2C1_Init()	8	static
main.cpp:377:13:void MX_I2C2_Init()	8	static
main.cpp:411:13:void MX_QUADSPI_Init()	8	static
main.cpp:446:13:void MX_SAI1_Init()	8	static
main.cpp:496:13:void MX_SDIO_SD_Init()	4	static
main.cpp:524:13:void MX_SPI2_Init()	8	static
main.cpp:562:13:void MX_USART3_UART_Init()	8	static
main.cpp:595:13:void MX_USART6_UART_Init()	8	static
main.cpp:628:13:void MX_GPIO_Init()	72	static
main.cpp:768:6:void StartDefaultTask(const void*)	16	static
main.cpp:795:6:void HAL_TIM_PeriodElapsedCallback(TIM_HandleTypeDef*)	16	static
main.cpp:812:6:void Error_Handler()	4	static
