main.cpp:105:5:int main()	16	static
main.cpp:200:6:void initialize_rfid()	16	static
main.cpp:206:6:void main_task(void*)	16	static
main.cpp:230:6:void card_read_task(void*)	24	static
main.cpp:240:6:void test_print(void*)	16	static
main.cpp:251:6:void SystemClock_Config()	152	static
main.cpp:316:13:void MX_CRC_Init()	8	static
main.cpp:342:13:void MX_I2C1_Init()	8	static
main.cpp:376:13:void MX_I2C2_Init()	8	static
main.cpp:410:13:void MX_QUADSPI_Init()	8	static
main.cpp:445:13:void MX_SAI1_Init()	8	static
main.cpp:495:13:void MX_SDIO_SD_Init()	4	static
main.cpp:523:13:void MX_SPI2_Init()	8	static
main.cpp:561:13:void MX_USART3_UART_Init()	8	static
main.cpp:594:13:void MX_USART6_UART_Init()	8	static
main.cpp:627:13:void MX_GPIO_Init()	72	static
main.cpp:767:6:void StartDefaultTask(const void*)	16	static
main.cpp:794:6:void HAL_TIM_PeriodElapsedCallback(TIM_HandleTypeDef*)	16	static
main.cpp:811:6:void Error_Handler()	4	static
