Types.hpp:99:5:touchgfx::colortype::colortype()	16	static
Types.hpp:114:5:touchgfx::colortype::colortype(uint32_t)	16	static
Types.hpp:173:5:touchgfx::Rect::Rect()	16	static
Types.hpp:193:5:touchgfx::Rect::Rect(int16_t, int16_t, int16_t, int16_t)	24	static
Types.hpp:215:20:int16_t touchgfx::Rect::right() const	16	static
Types.hpp:229:20:int16_t touchgfx::Rect::bottom() const	16	static
Types.hpp:263:10:bool touchgfx::Rect::intersect(const touchgfx::Rect&) const	24	static
Types.hpp:302:10:touchgfx::Rect touchgfx::Rect::operator&(const touchgfx::Rect&) const	24	static
Types.hpp:319:10:void touchgfx::Rect::operator&=(const touchgfx::Rect&)	32	static
Types.hpp:419:10:bool touchgfx::Rect::isEmpty() const	16	static
Bitmap.hpp:167:14:touchgfx::Bitmap::Bitmap(touchgfx::BitmapId)	16	static
LCD.hpp:298:9:touchgfx::LCD::StringVisuals::StringVisuals(const touchgfx::Font*, touchgfx::colortype, uint8_t, touchgfx::Alignment, int16_t, touchgfx::TextRotation, touchgfx::TextDirection, uint8_t, touchgfx::WideTextAction)	24	static
Drawable.hpp:60:5:touchgfx::Drawable::Drawable()	24	static
Drawable.hpp:76:13:touchgfx::Drawable::~Drawable()	16	static
Drawable.hpp:76:13:virtual touchgfx::Drawable::~Drawable()	16	static
Drawable.hpp:249:18:virtual void touchgfx::Drawable::setPosition(int16_t, int16_t, int16_t, int16_t)	24	static
Drawable.hpp:293:13:int16_t touchgfx::Drawable::getWidth() const	16	static
Drawable.hpp:307:13:int16_t touchgfx::Drawable::getHeight() const	16	static
Drawable.hpp:323:18:virtual void touchgfx::Drawable::setX(int16_t)	16	static
Drawable.hpp:339:18:virtual void touchgfx::Drawable::setY(int16_t)	16	static
Drawable.hpp:356:18:virtual void touchgfx::Drawable::setXY(int16_t, int16_t)	16	static
Drawable.hpp:373:18:virtual void touchgfx::Drawable::setWidth(int16_t)	16	static
Drawable.hpp:389:18:virtual void touchgfx::Drawable::setHeight(int16_t)	16	static
Drawable.hpp:404:18:virtual void touchgfx::Drawable::childGeometryChanged()	16	static
Drawable.hpp:416:18:virtual void touchgfx::Drawable::handleClickEvent(const touchgfx::ClickEvent&)	16	static
Drawable.hpp:428:18:virtual void touchgfx::Drawable::handleGestureEvent(const touchgfx::GestureEvent&)	16	static
Drawable.hpp:440:18:virtual void touchgfx::Drawable::handleDragEvent(const touchgfx::DragEvent&)	16	static
Drawable.hpp:453:18:virtual void touchgfx::Drawable::handleTickEvent()	16	static
Drawable.hpp:483:10:void touchgfx::Drawable::setTouchable(bool)	16	static
Drawable.hpp:500:10:bool touchgfx::Drawable::isVisible() const	16	static
Drawable.hpp:516:10:bool touchgfx::Drawable::isTouchable() const	16	static
Drawable.hpp:564:18:virtual void touchgfx::Drawable::moveTo(int16_t, int16_t)	16	static
Drawable.hpp:662:10:void touchgfx::Drawable::resetDrawChainCache()	16	static
Drawable.hpp:748:18:virtual void touchgfx::Drawable::setupDrawChain(const touchgfx::Rect&, touchgfx::Drawable**)	24	static
Widget.hpp:44:5:touchgfx::Widget::Widget()	16	static
Widget.hpp:53:13:touchgfx::Widget::~Widget()	16	static
Widget.hpp:53:13:virtual touchgfx::Widget::~Widget()	16	static
Widget.hpp:74:18:virtual void touchgfx::Widget::getLastChild(int16_t, int16_t, touchgfx::Drawable**)	24	static
Widget.hpp:91:22:virtual uint16_t touchgfx::Widget::getType() const	16	static
AbstractButton.hpp:47:5:touchgfx::AbstractButton::AbstractButton()	16	static
AbstractButton.hpp:95:18:virtual bool touchgfx::AbstractButton::getPressedState() const	16	static
AbstractButton.hpp:35:7:touchgfx::AbstractButton::~AbstractButton()	16	static
AbstractButton.hpp:35:7:virtual touchgfx::AbstractButton::~AbstractButton()	16	static
Button.hpp:45:5:touchgfx::Button::Button()	16	static
Button.hpp:54:13:touchgfx::Button::~Button()	16	static
Button.hpp:54:13:virtual touchgfx::Button::~Button()	16	static
TypedText.hpp:79:14:touchgfx::TypedText::TypedText(touchgfx::TypedTextId)	16	static
TypedText.hpp:106:10:bool touchgfx::TypedText::hasValidId() const	16	static
TypedText.hpp:120:33:const UnicodeChar* touchgfx::TypedText::getText() const	16	static
TypedText.hpp:135:17:const touchgfx::Font* touchgfx::TypedText::getFont() const	16	static
TypedText.hpp:165:15:touchgfx::Alignment touchgfx::TypedText::getAlignment() const	16	static
TypedText.hpp:180:19:touchgfx::TextDirection touchgfx::TypedText::getTextDirection() const	16	static
TypedText.hpp:220:10:void touchgfx::TypedText::assertValid() const	16	static
ButtonWithLabel.hpp:169:18:virtual touchgfx::Rect touchgfx::ButtonWithLabel::getSolidRect() const	16	static
ButtonWithLabel.hpp:185:22:virtual uint16_t touchgfx::ButtonWithLabel::getType() const	16	static
HAL.hpp:296:17:static touchgfx::LCD& touchgfx::HAL::lcd()	4	static
ButtonWithLabel.cpp:22:1:touchgfx::ButtonWithLabel::ButtonWithLabel()	16	static
ButtonWithLabel.cpp:27:6:virtual void touchgfx::ButtonWithLabel::draw(const touchgfx::Rect&) const	128	static
ButtonWithLabel.hpp:33:7:touchgfx::ButtonWithLabel::~ButtonWithLabel()	16	static
ButtonWithLabel.hpp:33:7:virtual touchgfx::ButtonWithLabel::~ButtonWithLabel()	16	static
