Types.hpp:173:5:touchgfx::Rect::Rect()	16	static
Types.hpp:193:5:touchgfx::Rect::Rect(int16_t, int16_t, int16_t, int16_t)	24	static
Types.hpp:215:20:int16_t touchgfx::Rect::right() const	16	static
Types.hpp:229:20:int16_t touchgfx::Rect::bottom() const	16	static
Types.hpp:263:10:bool touchgfx::Rect::intersect(const touchgfx::Rect&) const	24	static
Types.hpp:302:10:touchgfx::Rect touchgfx::Rect::operator&(const touchgfx::Rect&) const	24	static
Types.hpp:319:10:void touchgfx::Rect::operator&=(const touchgfx::Rect&)	32	static
Drawable.hpp:76:13:touchgfx::Drawable::~Drawable()	16	static
Drawable.hpp:76:13:virtual touchgfx::Drawable::~Drawable()	16	static
Drawable.hpp:249:18:virtual void touchgfx::Drawable::setPosition(int16_t, int16_t, int16_t, int16_t)	24	static
Drawable.hpp:293:13:int16_t touchgfx::Drawable::getWidth() const	16	static
Drawable.hpp:307:13:int16_t touchgfx::Drawable::getHeight() const	16	static
Drawable.hpp:323:18:virtual void touchgfx::Drawable::setX(int16_t)	16	static
Drawable.hpp:339:18:virtual void touchgfx::Drawable::setY(int16_t)	16	static
Drawable.hpp:356:18:virtual void touchgfx::Drawable::setXY(int16_t, int16_t)	16	static
Drawable.hpp:373:18:virtual void touchgfx::Drawable::setWidth(int16_t)	16	static
Drawable.hpp:389:18:virtual void touchgfx::Drawable::setHeight(int16_t)	16	static
Drawable.hpp:404:18:virtual void touchgfx::Drawable::childGeometryChanged()	16	static
Drawable.hpp:416:18:virtual void touchgfx::Drawable::handleClickEvent(const touchgfx::ClickEvent&)	16	static
Drawable.hpp:428:18:virtual void touchgfx::Drawable::handleGestureEvent(const touchgfx::GestureEvent&)	16	static
Drawable.hpp:440:18:virtual void touchgfx::Drawable::handleDragEvent(const touchgfx::DragEvent&)	16	static
Drawable.hpp:453:18:virtual void touchgfx::Drawable::handleTickEvent()	16	static
Drawable.hpp:500:10:bool touchgfx::Drawable::isVisible() const	16	static
Drawable.hpp:516:10:bool touchgfx::Drawable::isTouchable() const	16	static
Drawable.hpp:564:18:virtual void touchgfx::Drawable::moveTo(int16_t, int16_t)	16	static
Drawable.hpp:662:10:void touchgfx::Drawable::resetDrawChainCache()	16	static
Drawable.hpp:748:18:virtual void touchgfx::Drawable::setupDrawChain(const touchgfx::Rect&, touchgfx::Drawable**)	24	static
Widget.hpp:53:13:touchgfx::Widget::~Widget()	16	static
Widget.hpp:53:13:virtual touchgfx::Widget::~Widget()	16	static
Widget.hpp:74:18:virtual void touchgfx::Widget::getLastChild(int16_t, int16_t, touchgfx::Drawable**)	24	static
Widget.hpp:91:22:virtual uint16_t touchgfx::Widget::getType() const	16	static
Image.hpp:36:7:touchgfx::Image::~Image()	16	static
Image.hpp:36:7:virtual touchgfx::Image::~Image()	16	static
TiledImage.hpp:185:22:virtual uint16_t touchgfx::TiledImage::getType() const	16	static
HAL.hpp:296:17:static touchgfx::LCD& touchgfx::HAL::lcd()	4	static
TiledImage.cpp:21:6:virtual void touchgfx::TiledImage::setBitmap(const touchgfx::Bitmap&)	16	static
TiledImage.cpp:28:6:virtual void touchgfx::TiledImage::setOffset(int16_t, int16_t)	16	static
TiledImage.cpp:34:6:virtual void touchgfx::TiledImage::setXOffset(int16_t)	24	static
TiledImage.cpp:43:6:virtual void touchgfx::TiledImage::setYOffset(int16_t)	24	static
TiledImage.cpp:52:6:virtual void touchgfx::TiledImage::getOffset(int16_t&, int16_t&)	24	static
TiledImage.cpp:58:9:virtual int16_t touchgfx::TiledImage::getXOffset()	16	static
TiledImage.cpp:63:9:virtual int16_t touchgfx::TiledImage::getYOffset()	16	static
TiledImage.cpp:68:6:virtual void touchgfx::TiledImage::draw(const touchgfx::Rect&) const	88	static
TiledImage.cpp:97:6:virtual touchgfx::Rect touchgfx::TiledImage::getSolidRect() const	64	static
TiledImage.hpp:39:7:touchgfx::TiledImage::~TiledImage()	16	static
TiledImage.hpp:39:7:virtual touchgfx::TiledImage::~TiledImage()	16	static
