Types.hpp:114:5:touchgfx::colortype::colortype(uint32_t)	16	static
Types.hpp:173:5:touchgfx::Rect::Rect()	16	static
Types.hpp:193:5:touchgfx::Rect::Rect(int16_t, int16_t, int16_t, int16_t)	24	static
Drawable.hpp:60:5:touchgfx::Drawable::Drawable()	24	static
Drawable.hpp:76:13:touchgfx::Drawable::~Drawable()	16	static
Drawable.hpp:76:13:virtual touchgfx::Drawable::~Drawable()	16	static
Drawable.hpp:249:18:virtual void touchgfx::Drawable::setPosition(int16_t, int16_t, int16_t, int16_t)	24	static
Drawable.hpp:293:13:int16_t touchgfx::Drawable::getWidth() const	16	static
Drawable.hpp:307:13:int16_t touchgfx::Drawable::getHeight() const	16	static
Drawable.hpp:323:18:virtual void touchgfx::Drawable::setX(int16_t)	16	static
Drawable.hpp:339:18:virtual void touchgfx::Drawable::setY(int16_t)	16	static
Drawable.hpp:356:18:virtual void touchgfx::Drawable::setXY(int16_t, int16_t)	16	static
Drawable.hpp:373:18:virtual void touchgfx::Drawable::setWidth(int16_t)	16	static
Drawable.hpp:389:18:virtual void touchgfx::Drawable::setHeight(int16_t)	16	static
Drawable.hpp:404:18:virtual void touchgfx::Drawable::childGeometryChanged()	16	static
Drawable.hpp:416:18:virtual void touchgfx::Drawable::handleClickEvent(const touchgfx::ClickEvent&)	16	static
Drawable.hpp:428:18:virtual void touchgfx::Drawable::handleGestureEvent(const touchgfx::GestureEvent&)	16	static
Drawable.hpp:440:18:virtual void touchgfx::Drawable::handleDragEvent(const touchgfx::DragEvent&)	16	static
Drawable.hpp:453:18:virtual void touchgfx::Drawable::handleTickEvent()	16	static
Drawable.hpp:500:10:bool touchgfx::Drawable::isVisible() const	16	static
Drawable.hpp:516:10:bool touchgfx::Drawable::isTouchable() const	16	static
Drawable.hpp:564:18:virtual void touchgfx::Drawable::moveTo(int16_t, int16_t)	16	static
Drawable.hpp:662:10:void touchgfx::Drawable::resetDrawChainCache()	16	static
Drawable.hpp:748:18:virtual void touchgfx::Drawable::setupDrawChain(const touchgfx::Rect&, touchgfx::Drawable**)	24	static
Container.hpp:202:22:virtual uint16_t touchgfx::Container::getType() const	16	static
Widget.hpp:44:5:touchgfx::Widget::Widget()	16	static
Widget.hpp:53:13:touchgfx::Widget::~Widget()	16	static
Widget.hpp:53:13:virtual touchgfx::Widget::~Widget()	16	static
Widget.hpp:74:18:virtual void touchgfx::Widget::getLastChild(int16_t, int16_t, touchgfx::Drawable**)	24	static
Widget.hpp:91:22:virtual uint16_t touchgfx::Widget::getType() const	16	static
Box.hpp:47:5:touchgfx::Box::Box()	16	static
Box.hpp:77:13:touchgfx::Box::~Box()	16	static
Box.hpp:77:13:virtual touchgfx::Box::~Box()	16	static
Box.hpp:90:10:void touchgfx::Box::setColor(touchgfx::colortype)	16	static
Box.hpp:104:22:touchgfx::colortype touchgfx::Box::getColor() const	16	static
Box.hpp:118:10:void touchgfx::Box::setAlpha(uint8_t)	16	static
Box.hpp:130:20:uint8_t touchgfx::Box::getAlpha() const	16	static
BoxProgress.cpp:20:1:touchgfx::BoxProgress::BoxProgress()	16	static
BoxProgress.cpp:26:1:touchgfx::BoxProgress::~BoxProgress()	16	static
BoxProgress.cpp:26:1:virtual touchgfx::BoxProgress::~BoxProgress()	16	static
BoxProgress.cpp:30:6:virtual void touchgfx::BoxProgress::setProgressIndicatorPosition(int16_t, int16_t, int16_t, int16_t)	40	static
BoxProgress.cpp:37:6:virtual void touchgfx::BoxProgress::setColor(touchgfx::colortype)	16	static
BoxProgress.cpp:42:21:virtual touchgfx::colortype touchgfx::BoxProgress::getColor() const	16	static
BoxProgress.cpp:47:6:virtual void touchgfx::BoxProgress::setAlpha(uint8_t)	16	static
BoxProgress.cpp:52:9:virtual uint8_t touchgfx::BoxProgress::getAlpha() const	16	static
BoxProgress.cpp:57:6:virtual void touchgfx::BoxProgress::setValue(int)	40	static
