bsp_driver_sd.c:42:9:BSP_SD_Init	16	static
bsp_driver_sd.c:72:9:BSP_SD_ITConfig	4	static
bsp_driver_sd.c:81:6:BSP_SD_DetectIT	4	static
bsp_driver_sd.c:88:13:BSP_SD_DetectCallback	4	static
bsp_driver_sd.c:106:9:BSP_SD_ReadBlocks	40	static
bsp_driver_sd.c:129:9:BSP_SD_WriteBlocks	40	static
bsp_driver_sd.c:151:9:BSP_SD_ReadBlocks_DMA	32	static
bsp_driver_sd.c:174:9:BSP_SD_WriteBlocks_DMA	32	static
bsp_driver_sd.c:196:9:BSP_SD_Erase	24	static
bsp_driver_sd.c:214:6:BSP_SD_IRQHandler	8	static
bsp_driver_sd.c:222:6:BSP_SD_DMA_Tx_IRQHandler	8	static
bsp_driver_sd.c:230:6:BSP_SD_DMA_Rx_IRQHandler	8	static
bsp_driver_sd.c:243:9:BSP_SD_GetCardState	8	static
bsp_driver_sd.c:253:6:BSP_SD_GetCardInfo	16	static
bsp_driver_sd.c:267:6:HAL_SD_AbortCallback	16	static
bsp_driver_sd.c:277:6:HAL_SD_TxCpltCallback	16	static
bsp_driver_sd.c:287:6:HAL_SD_RxCpltCallback	16	static
bsp_driver_sd.c:297:13:BSP_SD_AbortCallback	4	static
bsp_driver_sd.c:306:13:BSP_SD_WriteCpltCallback	4	static
bsp_driver_sd.c:315:13:BSP_SD_ReadCpltCallback	4	static
bsp_driver_sd.c:327:9:BSP_SD_IsDetected	16	static
