Presenter.hpp:42:18:virtual void touchgfx::Presenter::activate()	16	static
Presenter.hpp:54:18:virtual void touchgfx::Presenter::deactivate()	16	static
Presenter.hpp:65:13:touchgfx::Presenter::~Presenter()	16	static
Presenter.hpp:65:13:virtual touchgfx::Presenter::~Presenter()	16	static
Presenter.hpp:78:5:touchgfx::Presenter::Presenter()	16	static
ModelListener.hpp:18:5:ModelListener::ModelListener()	16	static
ModelListener.hpp:20:13:ModelListener::~ModelListener()	16	static
ModelListener.hpp:20:13:virtual ModelListener::~ModelListener()	16	static
ModelListener.hpp:31:18:virtual void ModelListener::notify_new_card_present(uint8_t*, uint8_t)	24	static
Screen1Presenter.hpp:27:10:Screen1Presenter::~Screen1Presenter()	16	static
Screen1Presenter.hpp:27:10:virtual Screen1Presenter::~Screen1Presenter()	16	static
Screen1Presenter.cpp:4:1:Screen1Presenter::Screen1Presenter(Screen1View&)	16	static
Screen1Presenter.cpp:8:6:virtual void Screen1Presenter::activate()	16	static
Screen1Presenter.cpp:12:6:virtual void Screen1Presenter::deactivate()	16	static
Screen1Presenter.cpp:16:6:virtual void Screen1Presenter::notify_new_card_present(uint8_t*, uint8_t)	24	static
