Drawable.hpp:76:13:touchgfx::Drawable::~Drawable()	16	static
Drawable.hpp:76:13:virtual touchgfx::Drawable::~Drawable()	16	static
Drawable.hpp:249:18:virtual void touchgfx::Drawable::setPosition(int16_t, int16_t, int16_t, int16_t)	24	static
Drawable.hpp:323:18:virtual void touchgfx::Drawable::setX(int16_t)	16	static
Drawable.hpp:339:18:virtual void touchgfx::Drawable::setY(int16_t)	16	static
Drawable.hpp:356:18:virtual void touchgfx::Drawable::setXY(int16_t, int16_t)	16	static
Drawable.hpp:373:18:virtual void touchgfx::Drawable::setWidth(int16_t)	16	static
Drawable.hpp:389:18:virtual void touchgfx::Drawable::setHeight(int16_t)	16	static
Drawable.hpp:404:18:virtual void touchgfx::Drawable::childGeometryChanged()	16	static
Drawable.hpp:416:18:virtual void touchgfx::Drawable::handleClickEvent(const touchgfx::ClickEvent&)	16	static
Drawable.hpp:428:18:virtual void touchgfx::Drawable::handleGestureEvent(const touchgfx::GestureEvent&)	16	static
Drawable.hpp:440:18:virtual void touchgfx::Drawable::handleDragEvent(const touchgfx::DragEvent&)	16	static
Drawable.hpp:453:18:virtual void touchgfx::Drawable::handleTickEvent()	16	static
Drawable.hpp:500:10:bool touchgfx::Drawable::isVisible() const	16	static
Drawable.hpp:516:10:bool touchgfx::Drawable::isTouchable() const	16	static
Drawable.hpp:564:18:virtual void touchgfx::Drawable::moveTo(int16_t, int16_t)	16	static
Drawable.hpp:662:10:void touchgfx::Drawable::resetDrawChainCache()	16	static
Drawable.hpp:748:18:virtual void touchgfx::Drawable::setupDrawChain(const touchgfx::Rect&, touchgfx::Drawable**)	24	static
Container.hpp:64:13:touchgfx::Container::~Container()	16	static
Container.hpp:64:13:virtual touchgfx::Container::~Container()	16	static
Screen.hpp:66:13:touchgfx::Screen::~Screen()	16	static
Screen.hpp:66:13:virtual touchgfx::Screen::~Screen()	16	static
Screen.hpp:127:18:virtual void touchgfx::Screen::setupScreen()	16	static
Screen.hpp:140:18:virtual void touchgfx::Screen::afterTransition()	16	static
Screen.hpp:153:18:virtual void touchgfx::Screen::tearDownScreen()	16	static
Screen.hpp:198:18:virtual void touchgfx::Screen::handleTickEvent()	16	static
Screen.hpp:213:18:virtual void touchgfx::Screen::handleKeyEvent(uint8_t)	16	static
gthr-default.h:229:1:int __gthread_key_delete(__gthread_key_t)	16	static
Widget.hpp:53:13:touchgfx::Widget::~Widget()	16	static
Widget.hpp:53:13:virtual touchgfx::Widget::~Widget()	16	static
Widget.hpp:74:18:virtual void touchgfx::Widget::getLastChild(int16_t, int16_t, touchgfx::Drawable**)	24	static
Widget.hpp:91:22:virtual uint16_t touchgfx::Widget::getType() const	16	static
AbstractButton.hpp:35:7:touchgfx::AbstractButton::~AbstractButton()	16	static
AbstractButton.hpp:35:7:virtual touchgfx::AbstractButton::~AbstractButton()	16	static
Button.hpp:54:13:touchgfx::Button::~Button()	16	static
Button.hpp:54:13:virtual touchgfx::Button::~Button()	16	static
Box.hpp:77:13:touchgfx::Box::~Box()	16	static
Box.hpp:77:13:virtual touchgfx::Box::~Box()	16	static
View.hpp:39:7:touchgfx::View<Screen1Presenter>::~View()	16	static
View.hpp:39:7:virtual touchgfx::View<Screen1Presenter>::~View()	16	static
Screen1ViewBase.hpp:18:13:Screen1ViewBase::~Screen1ViewBase()	16	static
Screen1ViewBase.hpp:18:13:virtual Screen1ViewBase::~Screen1ViewBase()	16	static
Screen1ViewBase.hpp:22:26:FrontendApplication& Screen1ViewBase::application()	16	static
Screen1View.hpp:10:11:Screen1View::~Screen1View()	16	static
Screen1View.hpp:10:11:virtual Screen1View::~Screen1View()	16	static
Screen1View.cpp:7:1:Screen1View::Screen1View()	16	static
Screen1View.cpp:11:6:virtual void Screen1View::setupScreen()	16	static
Screen1View.cpp:15:6:virtual void Screen1View::tearDownScreen()	16	static
Screen1View.cpp:19:6:void Screen1View::showAuthScreen()	16	static
Screen1View.cpp:21:1:void __static_initialization_and_destruction_0(int, int)	16	static
TextArea.hpp:46:7:touchgfx::TextArea::~TextArea()	16	static
TextArea.hpp:46:7:virtual touchgfx::TextArea::~TextArea()	16	static
Callback.hpp:469:8:touchgfx::Callback<Screen1ViewBase, const touchgfx::AbstractButton&>::~Callback()	16	static
Callback.hpp:469:8:virtual touchgfx::Callback<Screen1ViewBase, const touchgfx::AbstractButton&>::~Callback()	16	static
Callback.hpp:177:13:touchgfx::GenericCallback<T1, void, void>::~GenericCallback() [with T1 = const touchgfx::AbstractButton&]	16	static
Callback.hpp:177:13:touchgfx::GenericCallback<T1, void, void>::~GenericCallback() [with T1 = const touchgfx::AbstractButton&]	16	static
Callback.hpp:511:18:void touchgfx::Callback<dest_type, T1, void, void>::execute(T1) [with dest_type = Screen1ViewBase; T1 = const touchgfx::AbstractButton&]	16	static
Callback.hpp:525:18:bool touchgfx::Callback<dest_type, T1, void, void>::isValid() const [with dest_type = Screen1ViewBase; T1 = const touchgfx::AbstractButton&]	16	static
Screen1View.cpp:21:1:cpp)	8	static
Screen1View.cpp:21:1:cpp)	8	static
