Font.hpp:193:13:touchgfx::Font::~Font()	16	static
Font.hpp:193:13:virtual touchgfx::Font::~Font()	16	static
ConstFont.hpp:37:7:touchgfx::ConstFont::~ConstFont()	16	static
ConstFont.hpp:37:7:virtual touchgfx::ConstFont::~ConstFont()	16	static
GeneratedFont.hpp:22:7:touchgfx::GeneratedFont::~GeneratedFont()	16	static
GeneratedFont.hpp:22:7:virtual touchgfx::GeneratedFont::~GeneratedFont()	16	static
Table_verdana_60_4bpp.cpp:60:159:void __tcf_0()	8	static
Table_verdana_60_4bpp.cpp:58:26:touchgfx::GeneratedFont& getFont_verdana_60_4bpp()	48	static
